// Jest Snapshot v1, https://goo.gl/fbAQLP

exports[`Header.component should correctly render the header 1`] = `
<View>
  <Text>
    Translate This
  </Text>
</View>
`;
